Archive member included to satisfy reference by file (symbol)

/home/wilson/Main/Software/arduino-1.8.5/hardware/tools/avr/bin/../lib/gcc/avr/4.9.2/avr6/libgcc.a(_exit.o)
                              /home/wilson/Main/Software/arduino-1.8.5/hardware/tools/avr/bin/../lib/gcc/avr/4.9.2/../../../../avr/lib/avr6/crtatmega2560.o (exit)
/home/wilson/Main/Software/arduino-1.8.5/hardware/tools/avr/bin/../lib/gcc/avr/4.9.2/avr6/libgcc.a(_copy_data.o)
                              ./src/main.o (__do_copy_data)
/home/wilson/Main/Software/arduino-1.8.5/hardware/tools/avr/bin/../lib/gcc/avr/4.9.2/avr6/libgcc.a(_clear_bss.o)
                              ./libraries/scheduler.o (__do_clear_bss)
/home/wilson/Main/Software/arduino-1.8.5/hardware/tools/avr/bin/../lib/gcc/avr/4.9.2/../../../../avr/lib/avr6/libc.a(iob.o)
                              ./src/main.o (__iob)
/home/wilson/Main/Software/arduino-1.8.5/hardware/tools/avr/bin/../lib/gcc/avr/4.9.2/../../../../avr/lib/avr6/libc.a(printf.o)
                              ./src/main.o (printf)
/home/wilson/Main/Software/arduino-1.8.5/hardware/tools/avr/bin/../lib/gcc/avr/4.9.2/../../../../avr/lib/avr6/libc.a(vfprintf_std.o)
                              /home/wilson/Main/Software/arduino-1.8.5/hardware/tools/avr/bin/../lib/gcc/avr/4.9.2/../../../../avr/lib/avr6/libc.a(printf.o) (vfprintf)
/home/wilson/Main/Software/arduino-1.8.5/hardware/tools/avr/bin/../lib/gcc/avr/4.9.2/../../../../avr/lib/avr6/libc.a(strnlen_P.o)
                              /home/wilson/Main/Software/arduino-1.8.5/hardware/tools/avr/bin/../lib/gcc/avr/4.9.2/../../../../avr/lib/avr6/libc.a(vfprintf_std.o) (strnlen_P)
/home/wilson/Main/Software/arduino-1.8.5/hardware/tools/avr/bin/../lib/gcc/avr/4.9.2/../../../../avr/lib/avr6/libc.a(strnlen.o)
                              /home/wilson/Main/Software/arduino-1.8.5/hardware/tools/avr/bin/../lib/gcc/avr/4.9.2/../../../../avr/lib/avr6/libc.a(vfprintf_std.o) (strnlen)
/home/wilson/Main/Software/arduino-1.8.5/hardware/tools/avr/bin/../lib/gcc/avr/4.9.2/../../../../avr/lib/avr6/libc.a(fputc.o)
                              /home/wilson/Main/Software/arduino-1.8.5/hardware/tools/avr/bin/../lib/gcc/avr/4.9.2/../../../../avr/lib/avr6/libc.a(vfprintf_std.o) (fputc)
/home/wilson/Main/Software/arduino-1.8.5/hardware/tools/avr/bin/../lib/gcc/avr/4.9.2/../../../../avr/lib/avr6/libc.a(ultoa_invert.o)
                              /home/wilson/Main/Software/arduino-1.8.5/hardware/tools/avr/bin/../lib/gcc/avr/4.9.2/../../../../avr/lib/avr6/libc.a(vfprintf_std.o) (__ultoa_invert)

Allocating common symbols
Common symbol       size              file

i                   0x1               ./libraries/scheduler.o
tick_count          0x2               ./libraries/timer_tools.o
Tasks               0xa0              ./libraries/scheduler.o
__iob               0x6               /home/wilson/Main/Software/arduino-1.8.5/hardware/tools/avr/bin/../lib/gcc/avr/4.9.2/../../../../avr/lib/avr6/libc.a(iob.o)

Memory Configuration

Name             Origin             Length             Attributes
text             0x0000000000000000 0x0000000000100000 xr
data             0x0000000000800200 0x000000000000fe00 rw !x
eeprom           0x0000000000810000 0x0000000000010000 rw !x
fuse             0x0000000000820000 0x0000000000000003 rw !x
lock             0x0000000000830000 0x0000000000000400 rw !x
signature        0x0000000000840000 0x0000000000000400 rw !x
user_signatures  0x0000000000850000 0x0000000000000400 rw !x
*default*        0x0000000000000000 0xffffffffffffffff

Linker script and memory map

Address of section .data set to 0x800200
LOAD /home/wilson/Main/Software/arduino-1.8.5/hardware/tools/avr/bin/../lib/gcc/avr/4.9.2/../../../../avr/lib/avr6/crtatmega2560.o
LOAD ./src/main.o
LOAD ./libraries/scheduler.o
LOAD ./libraries/timer_tools.o
START GROUP
LOAD /home/wilson/Main/Software/arduino-1.8.5/hardware/tools/avr/bin/../lib/gcc/avr/4.9.2/avr6/libgcc.a
LOAD /home/wilson/Main/Software/arduino-1.8.5/hardware/tools/avr/bin/../lib/gcc/avr/4.9.2/../../../../avr/lib/avr6/libm.a
LOAD /home/wilson/Main/Software/arduino-1.8.5/hardware/tools/avr/bin/../lib/gcc/avr/4.9.2/../../../../avr/lib/avr6/libc.a
LOAD /home/wilson/Main/Software/arduino-1.8.5/hardware/tools/avr/bin/../lib/gcc/avr/4.9.2/../../../../avr/lib/avr6/libatmega2560.a
END GROUP
                0x0000000000100000                __TEXT_REGION_LENGTH__ = DEFINED (__TEXT_REGION_LENGTH__)?__TEXT_REGION_LENGTH__:0x100000
                0x000000000000fe00                __DATA_REGION_LENGTH__ = DEFINED (__DATA_REGION_LENGTH__)?__DATA_REGION_LENGTH__:0xfe00
                0x0000000000010000                __EEPROM_REGION_LENGTH__ = DEFINED (__EEPROM_REGION_LENGTH__)?__EEPROM_REGION_LENGTH__:0x10000
                [0x0000000000000003]                __FUSE_REGION_LENGTH__ = DEFINED (__FUSE_REGION_LENGTH__)?__FUSE_REGION_LENGTH__:0x400
                0x0000000000000400                __LOCK_REGION_LENGTH__ = DEFINED (__LOCK_REGION_LENGTH__)?__LOCK_REGION_LENGTH__:0x400
                0x0000000000000400                __SIGNATURE_REGION_LENGTH__ = DEFINED (__SIGNATURE_REGION_LENGTH__)?__SIGNATURE_REGION_LENGTH__:0x400
                0x0000000000000400                __USER_SIGNATURE_REGION_LENGTH__ = DEFINED (__USER_SIGNATURE_REGION_LENGTH__)?__USER_SIGNATURE_REGION_LENGTH__:0x400

.hash
 *(.hash)

.dynsym
 *(.dynsym)

.dynstr
 *(.dynstr)

.gnu.version
 *(.gnu.version)

.gnu.version_d
 *(.gnu.version_d)

.gnu.version_r
 *(.gnu.version_r)

.rel.init
 *(.rel.init)

.rela.init
 *(.rela.init)

.rel.text
 *(.rel.text)
 *(.rel.text.*)
 *(.rel.gnu.linkonce.t*)

.rela.text
 *(.rela.text)
 *(.rela.text.*)
 *(.rela.gnu.linkonce.t*)

.rel.fini
 *(.rel.fini)

.rela.fini
 *(.rela.fini)

.rel.rodata
 *(.rel.rodata)
 *(.rel.rodata.*)
 *(.rel.gnu.linkonce.r*)

.rela.rodata
 *(.rela.rodata)
 *(.rela.rodata.*)
 *(.rela.gnu.linkonce.r*)

.rel.data
 *(.rel.data)
 *(.rel.data.*)
 *(.rel.gnu.linkonce.d*)

.rela.data
 *(.rela.data)
 *(.rela.data.*)
 *(.rela.gnu.linkonce.d*)

.rel.ctors
 *(.rel.ctors)

.rela.ctors
 *(.rela.ctors)

.rel.dtors
 *(.rel.dtors)

.rela.dtors
 *(.rela.dtors)

.rel.got
 *(.rel.got)

.rela.got
 *(.rela.got)

.rel.bss
 *(.rel.bss)

.rela.bss
 *(.rela.bss)

.rel.plt
 *(.rel.plt)

.rela.plt
 *(.rela.plt)

.text           0x0000000000000000      0x9e2
 *(.vectors)
 .vectors       0x0000000000000000       0xe4 /home/wilson/Main/Software/arduino-1.8.5/hardware/tools/avr/bin/../lib/gcc/avr/4.9.2/../../../../avr/lib/avr6/crtatmega2560.o
                0x0000000000000000                __vectors
                0x0000000000000000                __vector_default
 *(.vectors)
 *(.progmem.gcc*)
                0x00000000000000e4                . = ALIGN (0x2)
                0x00000000000000e4                __trampolines_start = .
 *(.trampolines)
 .trampolines   0x00000000000000e4        0x4 linker stubs
 *(.trampolines*)
                0x00000000000000e8                __trampolines_end = .
 *libprintf_flt.a:*(.progmem.data)
 *libc.a:*(.progmem.data)
 *(.progmem*)
                0x00000000000000e8                . = ALIGN (0x2)
 *(.jumptables)
 *(.jumptables*)
 *(.lowtext)
 *(.lowtext*)
                0x00000000000000e8                __ctors_start = .
 *(.ctors)
                0x00000000000000e8                __ctors_end = .
                0x00000000000000e8                __dtors_start = .
 *(.dtors)
                0x00000000000000e8                __dtors_end = .
 SORT(*)(.ctors)
 SORT(*)(.dtors)
 *(.init0)
 .init0         0x00000000000000e8        0x0 /home/wilson/Main/Software/arduino-1.8.5/hardware/tools/avr/bin/../lib/gcc/avr/4.9.2/../../../../avr/lib/avr6/crtatmega2560.o
                0x00000000000000e8                __init
 *(.init0)
 *(.init1)
 *(.init1)
 *(.init2)
 .init2         0x00000000000000e8       0x10 /home/wilson/Main/Software/arduino-1.8.5/hardware/tools/avr/bin/../lib/gcc/avr/4.9.2/../../../../avr/lib/avr6/crtatmega2560.o
 *(.init2)
 *(.init3)
 *(.init3)
 *(.init4)
 .init4         0x00000000000000f8       0x1a /home/wilson/Main/Software/arduino-1.8.5/hardware/tools/avr/bin/../lib/gcc/avr/4.9.2/avr6/libgcc.a(_copy_data.o)
                0x00000000000000f8                __do_copy_data
 .init4         0x0000000000000112       0x10 /home/wilson/Main/Software/arduino-1.8.5/hardware/tools/avr/bin/../lib/gcc/avr/4.9.2/avr6/libgcc.a(_clear_bss.o)
                0x0000000000000112                __do_clear_bss
 *(.init4)
 *(.init5)
 *(.init5)
 *(.init6)
 *(.init6)
 *(.init7)
 *(.init7)
 *(.init8)
 *(.init8)
 *(.init9)
 .init9         0x0000000000000122        0x8 /home/wilson/Main/Software/arduino-1.8.5/hardware/tools/avr/bin/../lib/gcc/avr/4.9.2/../../../../avr/lib/avr6/crtatmega2560.o
 *(.init9)
 *(.text)
 .text          0x000000000000012a        0x4 /home/wilson/Main/Software/arduino-1.8.5/hardware/tools/avr/bin/../lib/gcc/avr/4.9.2/../../../../avr/lib/avr6/crtatmega2560.o
                0x000000000000012a                __vector_38
                0x000000000000012a                __vector_22
                0x000000000000012a                __vector_28
                0x000000000000012a                __vector_1
                0x000000000000012a                __vector_32
                0x000000000000012a                __vector_34
                0x000000000000012a                __vector_24
                0x000000000000012a                __vector_12
                0x000000000000012a                __vector_55
                0x000000000000012a                __vector_46
                0x000000000000012a                __bad_interrupt
                0x000000000000012a                __vector_6
                0x000000000000012a                __vector_31
                0x000000000000012a                __vector_35
                0x000000000000012a                __vector_39
                0x000000000000012a                __vector_3
                0x000000000000012a                __vector_30
                0x000000000000012a                __vector_45
                0x000000000000012a                __vector_25
                0x000000000000012a                __vector_11
                0x000000000000012a                __vector_54
                0x000000000000012a                __vector_13
                0x000000000000012a                __vector_17
                0x000000000000012a                __vector_19
                0x000000000000012a                __vector_56
                0x000000000000012a                __vector_7
                0x000000000000012a                __vector_49
                0x000000000000012a                __vector_41
                0x000000000000012a                __vector_43
                0x000000000000012a                __vector_27
                0x000000000000012a                __vector_5
                0x000000000000012a                __vector_33
                0x000000000000012a                __vector_47
                0x000000000000012a                __vector_52
                0x000000000000012a                __vector_37
                0x000000000000012a                __vector_4
                0x000000000000012a                __vector_44
                0x000000000000012a                __vector_51
                0x000000000000012a                __vector_9
                0x000000000000012a                __vector_2
                0x000000000000012a                __vector_21
                0x000000000000012a                __vector_15
                0x000000000000012a                __vector_36
                0x000000000000012a                __vector_29
                0x000000000000012a                __vector_40
                0x000000000000012a                __vector_8
                0x000000000000012a                __vector_26
                0x000000000000012a                __vector_48
                0x000000000000012a                __vector_14
                0x000000000000012a                __vector_53
                0x000000000000012a                __vector_10
                0x000000000000012a                __vector_50
                0x000000000000012a                __vector_16
                0x000000000000012a                __vector_18
                0x000000000000012a                __vector_20
                0x000000000000012a                __vector_42
 .text          0x000000000000012e        0x0 ./src/main.o
 .text          0x000000000000012e        0x0 ./libraries/scheduler.o
 .text          0x000000000000012e        0x0 ./libraries/timer_tools.o
 .text          0x000000000000012e        0x0 /home/wilson/Main/Software/arduino-1.8.5/hardware/tools/avr/bin/../lib/gcc/avr/4.9.2/avr6/libgcc.a(_exit.o)
 .text          0x000000000000012e        0x0 /home/wilson/Main/Software/arduino-1.8.5/hardware/tools/avr/bin/../lib/gcc/avr/4.9.2/avr6/libgcc.a(_copy_data.o)
 .text          0x000000000000012e        0x0 /home/wilson/Main/Software/arduino-1.8.5/hardware/tools/avr/bin/../lib/gcc/avr/4.9.2/avr6/libgcc.a(_clear_bss.o)
 .text          0x000000000000012e        0x0 /home/wilson/Main/Software/arduino-1.8.5/hardware/tools/avr/bin/../lib/gcc/avr/4.9.2/../../../../avr/lib/avr6/libc.a(iob.o)
 .text          0x000000000000012e        0x0 /home/wilson/Main/Software/arduino-1.8.5/hardware/tools/avr/bin/../lib/gcc/avr/4.9.2/../../../../avr/lib/avr6/libc.a(printf.o)
 .text          0x000000000000012e        0x0 /home/wilson/Main/Software/arduino-1.8.5/hardware/tools/avr/bin/../lib/gcc/avr/4.9.2/../../../../avr/lib/avr6/libc.a(vfprintf_std.o)
 .text          0x000000000000012e        0x0 /home/wilson/Main/Software/arduino-1.8.5/hardware/tools/avr/bin/../lib/gcc/avr/4.9.2/../../../../avr/lib/avr6/libc.a(strnlen_P.o)
 .text          0x000000000000012e        0x0 /home/wilson/Main/Software/arduino-1.8.5/hardware/tools/avr/bin/../lib/gcc/avr/4.9.2/../../../../avr/lib/avr6/libc.a(strnlen.o)
 .text          0x000000000000012e        0x0 /home/wilson/Main/Software/arduino-1.8.5/hardware/tools/avr/bin/../lib/gcc/avr/4.9.2/../../../../avr/lib/avr6/libc.a(fputc.o)
 .text          0x000000000000012e        0x0 /home/wilson/Main/Software/arduino-1.8.5/hardware/tools/avr/bin/../lib/gcc/avr/4.9.2/../../../../avr/lib/avr6/libc.a(ultoa_invert.o)
                0x000000000000012e                . = ALIGN (0x2)
 *(.text.*)
 .text.uart_putchar
                0x000000000000012e       0x12 ./src/main.o
 .text.init_USART_MONITOR
                0x0000000000000140       0x1a ./src/main.o
                0x0000000000000140                init_USART_MONITOR
 .text.init_USART_CONTROLLER
                0x000000000000015a       0x1a ./src/main.o
                0x000000000000015a                init_USART_CONTROLLER
 .text.startup.main
                0x0000000000000174      0x104 ./src/main.o
                0x0000000000000174                main
 .text.Sched_Init
                0x0000000000000278        0x6 ./libraries/scheduler.o
                0x0000000000000278                Sched_Init
 .text.Sched_AddT
                0x000000000000027e       0x46 ./libraries/scheduler.o
                0x000000000000027e                Sched_AddT
 .text.Sched_Schedule
                0x00000000000002c4       0x48 ./libraries/scheduler.o
                0x00000000000002c4                Sched_Schedule
 .text.Sched_Dispatch
                0x000000000000030c       0x7a ./libraries/scheduler.o
                0x000000000000030c                Sched_Dispatch
 .text.__vector_23
                0x0000000000000386       0x34 ./libraries/timer_tools.o
                0x0000000000000386                __vector_23
 .text.init_mili_timers
                0x00000000000003ba       0x14 ./libraries/timer_tools.o
                0x00000000000003ba                init_mili_timers
 .text.get_ms_count
                0x00000000000003ce        0xe ./libraries/timer_tools.o
                0x00000000000003ce                get_ms_count
 .text.start_timer
                0x00000000000003dc       0x22 ./libraries/timer_tools.o
                0x00000000000003dc                start_timer
 .text.get_timer_time
                0x00000000000003fe       0x18 ./libraries/timer_tools.o
                0x00000000000003fe                get_timer_time
 .text.elapsed_time_ms
                0x0000000000000416       0x14 ./libraries/timer_tools.o
                0x0000000000000416                elapsed_time_ms
 .text.check_elapsed_time_ms
                0x000000000000042a       0x2e ./libraries/timer_tools.o
                0x000000000000042a                check_elapsed_time_ms
 .text.get_timer
                0x0000000000000458       0x10 ./libraries/timer_tools.o
                0x0000000000000458                get_timer
 .text.libgcc.mul
                0x0000000000000468        0x0 /home/wilson/Main/Software/arduino-1.8.5/hardware/tools/avr/bin/../lib/gcc/avr/4.9.2/avr6/libgcc.a(_exit.o)
 .text.libgcc.div
                0x0000000000000468        0x0 /home/wilson/Main/Software/arduino-1.8.5/hardware/tools/avr/bin/../lib/gcc/avr/4.9.2/avr6/libgcc.a(_exit.o)
 .text.libgcc   0x0000000000000468        0x0 /home/wilson/Main/Software/arduino-1.8.5/hardware/tools/avr/bin/../lib/gcc/avr/4.9.2/avr6/libgcc.a(_exit.o)
 .text.libgcc.prologue
                0x0000000000000468        0x0 /home/wilson/Main/Software/arduino-1.8.5/hardware/tools/avr/bin/../lib/gcc/avr/4.9.2/avr6/libgcc.a(_exit.o)
 .text.libgcc.builtins
                0x0000000000000468        0x0 /home/wilson/Main/Software/arduino-1.8.5/hardware/tools/avr/bin/../lib/gcc/avr/4.9.2/avr6/libgcc.a(_exit.o)
 .text.libgcc.fmul
                0x0000000000000468        0x0 /home/wilson/Main/Software/arduino-1.8.5/hardware/tools/avr/bin/../lib/gcc/avr/4.9.2/avr6/libgcc.a(_exit.o)
 .text.libgcc.fixed
                0x0000000000000468        0x0 /home/wilson/Main/Software/arduino-1.8.5/hardware/tools/avr/bin/../lib/gcc/avr/4.9.2/avr6/libgcc.a(_exit.o)
 .text.libgcc.mul
                0x0000000000000468        0x0 /home/wilson/Main/Software/arduino-1.8.5/hardware/tools/avr/bin/../lib/gcc/avr/4.9.2/avr6/libgcc.a(_copy_data.o)
 .text.libgcc.div
                0x0000000000000468        0x0 /home/wilson/Main/Software/arduino-1.8.5/hardware/tools/avr/bin/../lib/gcc/avr/4.9.2/avr6/libgcc.a(_copy_data.o)
 .text.libgcc   0x0000000000000468        0x0 /home/wilson/Main/Software/arduino-1.8.5/hardware/tools/avr/bin/../lib/gcc/avr/4.9.2/avr6/libgcc.a(_copy_data.o)
 .text.libgcc.prologue
                0x0000000000000468        0x0 /home/wilson/Main/Software/arduino-1.8.5/hardware/tools/avr/bin/../lib/gcc/avr/4.9.2/avr6/libgcc.a(_copy_data.o)
 .text.libgcc.builtins
                0x0000000000000468        0x0 /home/wilson/Main/Software/arduino-1.8.5/hardware/tools/avr/bin/../lib/gcc/avr/4.9.2/avr6/libgcc.a(_copy_data.o)
 .text.libgcc.fmul
                0x0000000000000468        0x0 /home/wilson/Main/Software/arduino-1.8.5/hardware/tools/avr/bin/../lib/gcc/avr/4.9.2/avr6/libgcc.a(_copy_data.o)
 .text.libgcc.fixed
                0x0000000000000468        0x0 /home/wilson/Main/Software/arduino-1.8.5/hardware/tools/avr/bin/../lib/gcc/avr/4.9.2/avr6/libgcc.a(_copy_data.o)
 .text.libgcc.mul
                0x0000000000000468        0x0 /home/wilson/Main/Software/arduino-1.8.5/hardware/tools/avr/bin/../lib/gcc/avr/4.9.2/avr6/libgcc.a(_clear_bss.o)
 .text.libgcc.div
                0x0000000000000468        0x0 /home/wilson/Main/Software/arduino-1.8.5/hardware/tools/avr/bin/../lib/gcc/avr/4.9.2/avr6/libgcc.a(_clear_bss.o)
 .text.libgcc   0x0000000000000468        0x0 /home/wilson/Main/Software/arduino-1.8.5/hardware/tools/avr/bin/../lib/gcc/avr/4.9.2/avr6/libgcc.a(_clear_bss.o)
 .text.libgcc.prologue
                0x0000000000000468        0x0 /home/wilson/Main/Software/arduino-1.8.5/hardware/tools/avr/bin/../lib/gcc/avr/4.9.2/avr6/libgcc.a(_clear_bss.o)
 .text.libgcc.builtins
                0x0000000000000468        0x0 /home/wilson/Main/Software/arduino-1.8.5/hardware/tools/avr/bin/../lib/gcc/avr/4.9.2/avr6/libgcc.a(_clear_bss.o)
 .text.libgcc.fmul
                0x0000000000000468        0x0 /home/wilson/Main/Software/arduino-1.8.5/hardware/tools/avr/bin/../lib/gcc/avr/4.9.2/avr6/libgcc.a(_clear_bss.o)
 .text.libgcc.fixed
                0x0000000000000468        0x0 /home/wilson/Main/Software/arduino-1.8.5/hardware/tools/avr/bin/../lib/gcc/avr/4.9.2/avr6/libgcc.a(_clear_bss.o)
 .text.avr-libc
                0x0000000000000468       0x28 /home/wilson/Main/Software/arduino-1.8.5/hardware/tools/avr/bin/../lib/gcc/avr/4.9.2/../../../../avr/lib/avr6/libc.a(printf.o)
                0x0000000000000468                printf
 .text.avr-libc
                0x0000000000000490      0x3f6 /home/wilson/Main/Software/arduino-1.8.5/hardware/tools/avr/bin/../lib/gcc/avr/4.9.2/../../../../avr/lib/avr6/libc.a(vfprintf_std.o)
                0x0000000000000490                vfprintf
 .text.avr-libc
                0x0000000000000886       0x16 /home/wilson/Main/Software/arduino-1.8.5/hardware/tools/avr/bin/../lib/gcc/avr/4.9.2/../../../../avr/lib/avr6/libc.a(strnlen_P.o)
                0x0000000000000886                strnlen_P
 .text.avr-libc
                0x000000000000089c       0x16 /home/wilson/Main/Software/arduino-1.8.5/hardware/tools/avr/bin/../lib/gcc/avr/4.9.2/../../../../avr/lib/avr6/libc.a(strnlen.o)
                0x000000000000089c                strnlen
 .text.avr-libc
                0x00000000000008b2       0x70 /home/wilson/Main/Software/arduino-1.8.5/hardware/tools/avr/bin/../lib/gcc/avr/4.9.2/../../../../avr/lib/avr6/libc.a(fputc.o)
                0x00000000000008b2                fputc
 .text.avr-libc
                0x0000000000000922       0xbc /home/wilson/Main/Software/arduino-1.8.5/hardware/tools/avr/bin/../lib/gcc/avr/4.9.2/../../../../avr/lib/avr6/libc.a(ultoa_invert.o)
                0x0000000000000922                __ultoa_invert
                0x00000000000009de                . = ALIGN (0x2)
 *(.fini9)
 .fini9         0x00000000000009de        0x0 /home/wilson/Main/Software/arduino-1.8.5/hardware/tools/avr/bin/../lib/gcc/avr/4.9.2/avr6/libgcc.a(_exit.o)
                0x00000000000009de                exit
                0x00000000000009de                _exit
 *(.fini9)
 *(.fini8)
 *(.fini8)
 *(.fini7)
 *(.fini7)
 *(.fini6)
 *(.fini6)
 *(.fini5)
 *(.fini5)
 *(.fini4)
 *(.fini4)
 *(.fini3)
 *(.fini3)
 *(.fini2)
 *(.fini2)
 *(.fini1)
 *(.fini1)
 *(.fini0)
 .fini0         0x00000000000009de        0x4 /home/wilson/Main/Software/arduino-1.8.5/hardware/tools/avr/bin/../lib/gcc/avr/4.9.2/avr6/libgcc.a(_exit.o)
 *(.fini0)
                0x00000000000009e2                _etext = .

.data           0x0000000000800200       0x2a load address 0x00000000000009e2
                0x0000000000800200                PROVIDE (__data_start, .)
 *(.data)
 .data          0x0000000000800200        0x0 /home/wilson/Main/Software/arduino-1.8.5/hardware/tools/avr/bin/../lib/gcc/avr/4.9.2/../../../../avr/lib/avr6/crtatmega2560.o
 .data          0x0000000000800200        0x0 ./src/main.o
 .data          0x0000000000800200        0x0 ./libraries/scheduler.o
 .data          0x0000000000800200        0x0 ./libraries/timer_tools.o
 .data          0x0000000000800200        0x0 /home/wilson/Main/Software/arduino-1.8.5/hardware/tools/avr/bin/../lib/gcc/avr/4.9.2/avr6/libgcc.a(_exit.o)
 .data          0x0000000000800200        0x0 /home/wilson/Main/Software/arduino-1.8.5/hardware/tools/avr/bin/../lib/gcc/avr/4.9.2/avr6/libgcc.a(_copy_data.o)
 .data          0x0000000000800200        0x0 /home/wilson/Main/Software/arduino-1.8.5/hardware/tools/avr/bin/../lib/gcc/avr/4.9.2/avr6/libgcc.a(_clear_bss.o)
 .data          0x0000000000800200        0x0 /home/wilson/Main/Software/arduino-1.8.5/hardware/tools/avr/bin/../lib/gcc/avr/4.9.2/../../../../avr/lib/avr6/libc.a(iob.o)
 .data          0x0000000000800200        0x0 /home/wilson/Main/Software/arduino-1.8.5/hardware/tools/avr/bin/../lib/gcc/avr/4.9.2/../../../../avr/lib/avr6/libc.a(printf.o)
 .data          0x0000000000800200        0x0 /home/wilson/Main/Software/arduino-1.8.5/hardware/tools/avr/bin/../lib/gcc/avr/4.9.2/../../../../avr/lib/avr6/libc.a(vfprintf_std.o)
 .data          0x0000000000800200        0x0 /home/wilson/Main/Software/arduino-1.8.5/hardware/tools/avr/bin/../lib/gcc/avr/4.9.2/../../../../avr/lib/avr6/libc.a(strnlen_P.o)
 .data          0x0000000000800200        0x0 /home/wilson/Main/Software/arduino-1.8.5/hardware/tools/avr/bin/../lib/gcc/avr/4.9.2/../../../../avr/lib/avr6/libc.a(strnlen.o)
 .data          0x0000000000800200        0x0 /home/wilson/Main/Software/arduino-1.8.5/hardware/tools/avr/bin/../lib/gcc/avr/4.9.2/../../../../avr/lib/avr6/libc.a(fputc.o)
 .data          0x0000000000800200        0x0 /home/wilson/Main/Software/arduino-1.8.5/hardware/tools/avr/bin/../lib/gcc/avr/4.9.2/../../../../avr/lib/avr6/libc.a(ultoa_invert.o)
 *(.data*)
 .data.mystdout
                0x0000000000800200        0xe ./src/main.o
 .data.cur_task
                0x000000000080020e        0x2 ./libraries/scheduler.o
                0x000000000080020e                cur_task
 *(.rodata)
 *(.rodata*)
 .rodata.str1.1
                0x0000000000800210       0x1a ./src/main.o
 *(.gnu.linkonce.d*)
                0x000000000080022a                . = ALIGN (0x2)
                0x000000000080022a                _edata = .
                0x000000000080022a                PROVIDE (__data_end, .)

.bss            0x000000000080022a       0xa9
                0x000000000080022a                PROVIDE (__bss_start, .)
 *(.bss)
 .bss           0x000000000080022a        0x0 /home/wilson/Main/Software/arduino-1.8.5/hardware/tools/avr/bin/../lib/gcc/avr/4.9.2/../../../../avr/lib/avr6/crtatmega2560.o
 .bss           0x000000000080022a        0x0 ./src/main.o
 .bss           0x000000000080022a        0x0 ./libraries/scheduler.o
 .bss           0x000000000080022a        0x0 ./libraries/timer_tools.o
 .bss           0x000000000080022a        0x0 /home/wilson/Main/Software/arduino-1.8.5/hardware/tools/avr/bin/../lib/gcc/avr/4.9.2/avr6/libgcc.a(_exit.o)
 .bss           0x000000000080022a        0x0 /home/wilson/Main/Software/arduino-1.8.5/hardware/tools/avr/bin/../lib/gcc/avr/4.9.2/avr6/libgcc.a(_copy_data.o)
 .bss           0x000000000080022a        0x0 /home/wilson/Main/Software/arduino-1.8.5/hardware/tools/avr/bin/../lib/gcc/avr/4.9.2/avr6/libgcc.a(_clear_bss.o)
 .bss           0x000000000080022a        0x0 /home/wilson/Main/Software/arduino-1.8.5/hardware/tools/avr/bin/../lib/gcc/avr/4.9.2/../../../../avr/lib/avr6/libc.a(iob.o)
 .bss           0x000000000080022a        0x0 /home/wilson/Main/Software/arduino-1.8.5/hardware/tools/avr/bin/../lib/gcc/avr/4.9.2/../../../../avr/lib/avr6/libc.a(printf.o)
 .bss           0x000000000080022a        0x0 /home/wilson/Main/Software/arduino-1.8.5/hardware/tools/avr/bin/../lib/gcc/avr/4.9.2/../../../../avr/lib/avr6/libc.a(vfprintf_std.o)
 .bss           0x000000000080022a        0x0 /home/wilson/Main/Software/arduino-1.8.5/hardware/tools/avr/bin/../lib/gcc/avr/4.9.2/../../../../avr/lib/avr6/libc.a(strnlen_P.o)
 .bss           0x000000000080022a        0x0 /home/wilson/Main/Software/arduino-1.8.5/hardware/tools/avr/bin/../lib/gcc/avr/4.9.2/../../../../avr/lib/avr6/libc.a(strnlen.o)
 .bss           0x000000000080022a        0x0 /home/wilson/Main/Software/arduino-1.8.5/hardware/tools/avr/bin/../lib/gcc/avr/4.9.2/../../../../avr/lib/avr6/libc.a(fputc.o)
 .bss           0x000000000080022a        0x0 /home/wilson/Main/Software/arduino-1.8.5/hardware/tools/avr/bin/../lib/gcc/avr/4.9.2/../../../../avr/lib/avr6/libc.a(ultoa_invert.o)
 *(.bss*)
 *(COMMON)
 COMMON         0x000000000080022a       0xa1 ./libraries/scheduler.o
                0x000000000080022a                i
                0x000000000080022b                Tasks
 COMMON         0x00000000008002cb        0x2 ./libraries/timer_tools.o
                0x00000000008002cb                tick_count
 COMMON         0x00000000008002cd        0x6 /home/wilson/Main/Software/arduino-1.8.5/hardware/tools/avr/bin/../lib/gcc/avr/4.9.2/../../../../avr/lib/avr6/libc.a(iob.o)
                0x00000000008002cd                __iob
                0x00000000008002d3                PROVIDE (__bss_end, .)
                0x00000000000009e2                __data_load_start = LOADADDR (.data)
                0x0000000000000a0c                __data_load_end = (__data_load_start + SIZEOF (.data))

.noinit         0x00000000008002d3        0x0
                [!provide]                        PROVIDE (__noinit_start, .)
 *(.noinit*)
                [!provide]                        PROVIDE (__noinit_end, .)
                0x00000000008002d3                _end = .
                [!provide]                        PROVIDE (__heap_start, .)

.eeprom         0x0000000000810000        0x0
 *(.eeprom*)
                0x0000000000810000                __eeprom_end = .

.fuse
 *(.fuse)
 *(.lfuse)
 *(.hfuse)
 *(.efuse)

.lock
 *(.lock*)

.signature
 *(.signature*)

.user_signatures
 *(.user_signatures*)

.stab
 *(.stab)

.stabstr
 *(.stabstr)

.stab.excl
 *(.stab.excl)

.stab.exclstr
 *(.stab.exclstr)

.stab.index
 *(.stab.index)

.stab.indexstr
 *(.stab.indexstr)

.comment        0x0000000000000000       0x11
 *(.comment)
 .comment       0x0000000000000000       0x11 ./src/main.o
                                         0x12 (size before relaxing)
 .comment       0x0000000000000011       0x12 ./libraries/scheduler.o
 .comment       0x0000000000000011       0x12 ./libraries/timer_tools.o
 .comment       0x0000000000000011       0x12 /home/wilson/Main/Software/arduino-1.8.5/hardware/tools/avr/bin/../lib/gcc/avr/4.9.2/../../../../avr/lib/avr6/libc.a(iob.o)
 .comment       0x0000000000000011       0x12 /home/wilson/Main/Software/arduino-1.8.5/hardware/tools/avr/bin/../lib/gcc/avr/4.9.2/../../../../avr/lib/avr6/libc.a(printf.o)
 .comment       0x0000000000000011       0x12 /home/wilson/Main/Software/arduino-1.8.5/hardware/tools/avr/bin/../lib/gcc/avr/4.9.2/../../../../avr/lib/avr6/libc.a(vfprintf_std.o)
 .comment       0x0000000000000011       0x12 /home/wilson/Main/Software/arduino-1.8.5/hardware/tools/avr/bin/../lib/gcc/avr/4.9.2/../../../../avr/lib/avr6/libc.a(fputc.o)

.note.gnu.avr.deviceinfo
                0x0000000000000000       0x40
 .note.gnu.avr.deviceinfo
                0x0000000000000000       0x40 /home/wilson/Main/Software/arduino-1.8.5/hardware/tools/avr/bin/../lib/gcc/avr/4.9.2/../../../../avr/lib/avr6/crtatmega2560.o

.note.gnu.build-id
 *(.note.gnu.build-id)

.debug
 *(.debug)

.line
 *(.line)

.debug_srcinfo
 *(.debug_srcinfo)

.debug_sfnames
 *(.debug_sfnames)

.debug_aranges
 *(.debug_aranges)

.debug_pubnames
 *(.debug_pubnames)

.debug_info     0x0000000000000000      0xbbc
 *(.debug_info .gnu.linkonce.wi.*)
 .debug_info    0x0000000000000000      0xbbc /home/wilson/Main/Software/arduino-1.8.5/hardware/tools/avr/bin/../lib/gcc/avr/4.9.2/../../../../avr/lib/avr6/crtatmega2560.o

.debug_abbrev   0x0000000000000000      0xb1a
 *(.debug_abbrev)
 .debug_abbrev  0x0000000000000000      0xb1a /home/wilson/Main/Software/arduino-1.8.5/hardware/tools/avr/bin/../lib/gcc/avr/4.9.2/../../../../avr/lib/avr6/crtatmega2560.o

.debug_line     0x0000000000000000       0x1a
 *(.debug_line .debug_line.* .debug_line_end)
 .debug_line    0x0000000000000000       0x1a /home/wilson/Main/Software/arduino-1.8.5/hardware/tools/avr/bin/../lib/gcc/avr/4.9.2/../../../../avr/lib/avr6/crtatmega2560.o

.debug_frame
 *(.debug_frame)

.debug_str      0x0000000000000000      0x3e6
 *(.debug_str)
 .debug_str     0x0000000000000000      0x3e6 /home/wilson/Main/Software/arduino-1.8.5/hardware/tools/avr/bin/../lib/gcc/avr/4.9.2/../../../../avr/lib/avr6/crtatmega2560.o

.debug_loc
 *(.debug_loc)

.debug_macinfo
 *(.debug_macinfo)

.debug_weaknames
 *(.debug_weaknames)

.debug_funcnames
 *(.debug_funcnames)

.debug_typenames
 *(.debug_typenames)

.debug_varnames
 *(.debug_varnames)

.debug_pubtypes
 *(.debug_pubtypes)

.debug_ranges
 *(.debug_ranges)

.debug_macro
 *(.debug_macro)
OUTPUT(SEMB.elf elf32-avr)
LOAD linker stubs
